[smashboards.com/threads/classic-mode-alt-trophies.379248/index.html]
[backblue.gif]
[fade.gif]
[index.html]
[smashboards.com/data/bdCache/css/1522555747/12b1512b30c3bb8a16d024cd3cb322af.css]
[smashboards.com/data/bdCache/css/1522555747/2ede0ca036c47bd66444270282ee9812.css]
[smashboards.com/data/bdCache/css/1522555747/db687bc5bc4df08e3d0d074a7e127056.css]
[smashboards.com/data/bdCache/css/1522555747/f6a77e05bd5fc5ddb657835a7394e823.css]
[smashboards.com/styles/uix/uix/css/font-awesome.min.css]
[smashboards.com/js/warchamp/gfycat377a.js]
[smashboards.com/js/audentio/uix_style/functions.min4a5c.js]
[smashboards.com/js/xenforo/xenforo4a5c.js]
[code.jquery.com/jquery-1.11.0.min.js]
[smashboards.com/styles/default/xenforo/logo.og.png]
[smashboards.com/styles/MediaSites/tiny-timeline-bird.png]
[cdm.cursecdn.com/js/smashboards/cdmfactorem_min140a.js]
[smashboards.com/styles/uix/xenforo/avatars/avatar_m.png]
[smashboards.com/styles/warchamp/ridleyboards/banner-ridley2.png]
[smashboards.com/styles/uix/uix/logo_smallc81e.png]
[secure.gravatar.com/avatar/b430ef42a47c48d1bd5a33681f996365c1c7.png]
[i.imgur.com/RF6aP7I.png]
[smashboards.com/styles/default/xenforo/clear.png]
[i.imgur.com/j6kJzW6.png]
[i.imgur.com/AnUss5g.png]
[i.imgur.com/CEgTcxS.png]
[i.imgur.com/PlzlLOS.png]
[smashboards.com/data/avatars/l/243/24356784e3.jpg]
[smashboards.com/data/avatars/l/73/73235519c.jpg]
[smashboards.com/data/avatars/l/255/255796b2f5.jpg]
[smashboards.com/styles/uix/uix/logo.png]
[platform.twitter.com/widgets.js]
[smashboards.com/threads/classic-mode-alt-trophies.379248/index.html]
[smashboards.com/styles/warchamp/ridleyboards/bgridley.jpg]
[smashboards.com/styles/uix/xenforo/gradients/category-23px-light.png]
[smashboards.com/styles/uix/xenforo/color-picker/panel.png]
[smashboards.com/styles/default/xenforo/load_iconc81e.png]
[smashboards.com/styles/uix/xenforo/xenforo-ui-sprite.png]
[smashboards.com/styles/uix/xenforo/permissions/deny.png]
[smashboards.com/styles/uix/xenforo/widgets/ajaxload.info_B4B4DC_facebook.gif]
[smashboards.com/styles/default/xenforo/smilies/new/spritesheet.png]
[smashboards.com/styles/uix/xenforo/gradients/form-button-white-25px.png]
[smashboards.com/data/bdCache/css/1522555747/12b1512b30c3bb8a16d024cd3cb322af.css]
[smashboards.com/styles/uix/uix/post/flip/s4_bowser.png]
[smashboards.com/styles/uix/uix/post/flip/s4_diddy.png]
[smashboards.com/styles/uix/uix/post/flip/s4_donkey.png]
[smashboards.com/styles/uix/uix/post/flip/s4_fox.png]
[smashboards.com/styles/uix/uix/post/flip/s4_d3.png]
[smashboards.com/styles/uix/uix/post/flip/s4_ike.png]
[smashboards.com/styles/uix/uix/post/flip/s4_kirby.png]
[smashboards.com/styles/uix/uix/post/flip/s4_link.png]
[smashboards.com/styles/uix/uix/post/flip/s4_littlemac.png]
[smashboards.com/styles/uix/uix/post/flip/s4_lucario.png]
[smashboards.com/styles/uix/uix/post/flip/s4_luigi.png]
[smashboards.com/styles/uix/uix/post/flip/s4_mario.png]
[smashboards.com/styles/uix/uix/post/flip/s4_marth.png]
[smashboards.com/styles/uix/uix/post/flip/s4_megaman.png]
[smashboards.com/styles/uix/uix/post/flip/s4_peach.png]
[smashboards.com/styles/uix/uix/post/flip/s4_pikachu.png]
[smashboards.com/styles/uix/uix/post/flip/s4_olimar.png]
[smashboards.com/styles/uix/uix/post/flip/s4_pit.png]
[smashboards.com/styles/uix/uix/post/flip/s4_rosalina.png]
[smashboards.com/styles/uix/uix/post/flip/s4_samus.png]
[smashboards.com/styles/uix/uix/post/flip/s4_sonic.png]
[smashboards.com/styles/uix/uix/post/flip/s4_toonlink.png]
[smashboards.com/styles/uix/uix/post/flip/s4_villager.png]
[smashboards.com/styles/uix/uix/post/flip/s4_wiifit.png]
[smashboards.com/styles/uix/uix/post/flip/s4_zelda.png]
[smashboards.com/styles/uix/uix/post/flip/s4_charizard.png]
[smashboards.com/styles/uix/uix/post/flip/s4_sheik.png]
[smashboards.com/styles/uix/uix/post/flip/s4_yoshi.png]
[smashboards.com/styles/uix/uix/post/flip/s4_zss.png]
[smashboards.com/styles/uix/uix/post/flip/s4_greninja.png]
[smashboards.com/styles/uix/uix/post/flip/s4_palutena.png]
[smashboards.com/styles/uix/uix/post/flip/s4_mii.png]
[smashboards.com/styles/uix/uix/post/flip/s4_pacman.png]
[smashboards.com/styles/uix/uix/post/flip/s4_falcon.png]
[smashboards.com/styles/uix/uix/post/flip/s4_lucina.png]
[smashboards.com/styles/uix/uix/post/flip/s4_robin.png]
[smashboards.com/styles/uix/uix/post/flip/s4_metaknight.png]
[smashboards.com/styles/uix/uix/post/flip/s4_shulk.png]
[smashboards.com/styles/uix/uix/post/flip/s4_drmario.png]
[smashboards.com/styles/uix/uix/post/flip/s4_duckhunt.png]
[smashboards.com/styles/uix/uix/post/flip/s4_falco.png]
[smashboards.com/styles/uix/uix/post/flip/s4_gnw.png]
[smashboards.com/styles/uix/uix/post/flip/s4_ganon.png]
[smashboards.com/styles/uix/uix/post/flip/s4_bowserjr.png]
[smashboards.com/styles/uix/uix/post/flip/s4_ness.png]
[smashboards.com/styles/uix/uix/post/flip/s4_darkpit.png]
[smashboards.com/styles/uix/uix/post/flip/s4_jiggs.png]
[smashboards.com/styles/uix/uix/post/flip/s4_rob.png]
[smashboards.com/styles/uix/uix/post/flip/s4_wario.png]
[smashboards.com/styles/uix/uix/post/flip/s4_alph.png]
[smashboards.com/styles/uix/uix/post/flip/s4_larry.png]
[smashboards.com/styles/uix/uix/post/flip/s4_roy.png]
[smashboards.com/styles/uix/uix/post/flip/s4_wendy.png]
[smashboards.com/styles/uix/uix/post/flip/s4_iggy.png]
[smashboards.com/styles/uix/uix/post/flip/s4_morton.png]
[smashboards.com/styles/uix/uix/post/flip/s4_lemmy.png]
[smashboards.com/styles/uix/uix/post/flip/s4_ludwig.png]
[smashboards.com/styles/uix/uix/post/flip/s4_wiremac.png]
[smashboards.com/styles/uix/uix/post/flip/s4_villagerf.png]
[smashboards.com/styles/uix/uix/post/flip/s4_robinm.png]
[smashboards.com/styles/uix/uix/post/flip/s4_robinf.png]
[smashboards.com/styles/uix/uix/post/flip/s4_warioc.png]
[smashboards.com/styles/uix/uix/post/flip/s4_wiifitm.png]
[smashboards.com/styles/uix/uix/post/flip/s4_mewtwo.png]
[smashboards.com/styles/uix/uix/post/flip/s4_lucas.png]
[smashboards.com/styles/uix/uix/post/flip/s4_ryu.png]
[smashboards.com/styles/uix/uix/post/flip/s4_feroy.png]
[smashboards.com/styles/uix/uix/post/flip/s4_cloud.png]
[smashboards.com/styles/uix/uix/post/flip/s4_cloud2.png]
[smashboards.com/styles/uix/uix/post/flip/s4_corrinc81e.png]
[smashboards.com/styles/uix/uix/post/flip/s4_bayonetta.png]
[smashboards.com/styles/uix/uix/post/flip/s4_bayonetta2.png]
[smashboards.com/styles/uix/uix/post/flip/s4_corrinm.png]
[smashboards.com/styles/uix/uix/post/flip/s4_corrinf.png]
[smashboards.com/data/icons/spritesheet9bf3.png]
[smashboards.com/data/bdCache/css/1522555747/2ede0ca036c47bd66444270282ee9812.css]
[smashboards.com/styles/uix/uix/social_sprite.png]
[smashboards.com/styles/uix/uix/LoginDark.png]
[smashboards.com/styles/uix/uix/sprite.png]
[smashboards.com/styles/uix/uix/sprite@2x.png]
[smashboards.com/data/bdCache/css/1522555747/db687bc5bc4df08e3d0d074a7e127056.css]
[smashboards.com/styles/MediaSites/vine.png]
[smashboards.com/styles/MediaSites/vine-hover.png]
[smashboards.com/styles/warchamp/countdown.png]
[smashboards.com/styles/warchamp/ridleyboards/avatars/01.jpg]
[smashboards.com/styles/warchamp/ridleyboards/avatars/02.jpg]
[smashboards.com/styles/warchamp/ridleyboards/avatars/03.jpg]
[smashboards.com/styles/warchamp/ridleyboards/avatars/04.jpg]
[smashboards.com/styles/warchamp/ridleyboards/avatars/05.jpg]
[smashboards.com/styles/warchamp/ridleyboards/avatars/Pranked.jpg]
[smashboards.com/styles/warchamp/ridleyboards/avatars/Premium.jpg]
[smashboards.com/styles/warchamp/ridleyboards/avatars/Staff.jpg]
[smashboards.com/styles/warchamp/ridleyboards/avatars/Admin.jpg]
[smashboards.com/styles/warchamp/ridleyboards/s4_ridley2.png]
[smashboards.com/styles/warchamp/ridleyboards/postbit2.png]
[smashboards.com/data/bdCache/css/1522555747/f6a77e05bd5fc5ddb657835a7394e823.css]
[smashboards.com/styles/uix/uix/css/font-awesome.min.css]
[assets.gfycat.com/img/placeholder.png]
[assets.gfycat.com/img/gfycontrols.png]
[smashboards.com/js/warchamp/gfycat377a.js]
[smashboards.com/threads/classic-mode-alt-trophies.379248/Gecko/index.html]
[plus.google.com/js/client_plusone.js]
[www.google.com/recaptcha/api/js/recaptcha_ajax.js]
[www.google.com/recaptcha/api385d.js]
[backs.keycaptcha.com/swfs/cap.js]
[smashboards.com/js/xenforo/xenforo4a5c.js]
[smashboards.com/threads/classic-mode-alt-trophies.379248/GET]
[smashboards.com/js/audentio/uix_style/functions.min4a5c.js]
[smashboards.com/threads/classic-mode-alt-trophies.379248/Version/index.html]
[smashboards.com/ads.js]
[smashboards.com/styles/uix/uix/post/flip/s4_villagerm.html]
[smashboards.com/styles/uix/uix/post/flip/s4_wiifitf.html]
[smashboards.com/threads/classic-mode-alt-trophies.379248/deferred.html]
[smashboards.com/threads/classic-mode-alt-trophies.379248/Gecko/index.html]
[smashboards.com/threads/classic-mode-alt-trophies.379248/fb_channela2a0.html]
[smashboards.com/threads/classic-mode-alt-trophies.379248/indexca6f.html]
[smashboards.com/threads/classic-mode-alt-trophies.379248/index284f.html]
[smashboards.com/threads/classic-mode-alt-trophies.379248/GET.html]
[smashboards.com/threads/classic-mode-alt-trophies.379248/Version/index.html]
[b.s-static.ak.facebook.com/images/connect_sprite.png]
